{
  "TaskDuration": 15,
  "LayoutDuration": 10.123
}